// Jest Snapshot v1, https://goo.gl/fbAQLP

exports[`class component should render correct DOM 1`] = `
<div
  id="root"
>
  <div>
    <button
      id="add"
    >
      addCount
    </button>
    <button
      id="state-updater"
    >
      stateUpdater
    </button>
    <span
      id="result"
    >
      0
    </span>
  </div>
</div>
`;
